# no initial
a
ai
ao
an
ang
e
ei
en
eng
er
o
ou
yi
ya
yao
ye
you
yan
yang
yin
ying
yong
wu
wa
wai
wei
wo
wan
wang
wen
weng
yu
yue
yuan
yun

# b
ba
bai
bao
ban
bang
bei
ben
beng
bo
bi
biao
bie
bian
bin
bing
bu

# p
pa
pai
pao
pan
pang
pei
pen
peng
po
pou
pi
piao
pie
pian
pin
ping
pu

# m
ma
mai
mao
man
mang
me
mei
men
meng
mo
mou
mi
miao
mie
miu
mian
min
ming
mu

# f
fa
fan
fang
fei
fen
feng
fo
fou
fu

# d
da
dai
dao
dan
dang
de
dei
den
deng
dou
dong
di
diao
die
diu
dian
ding
du
dui
duo
duan
dun

# t
ta
tai
tao
tan
tang
te
teng
tou
tong
ti
tiao
tie
tian
ting
tu
tui
tuo
tuan
tun

# n
na
nai
nao
nan
nang
ne
nei
nen
neng
nou
nong
ni
niao
nie
niu
nian
niang
nin
ning
nu
nuo
nuan
nü
nv
nüe
nve

# l
la
lai
lao
lan
lang
le
lei
leng
lo
lou
long
li
lia
liao
lie
liu
lian
liang
lin
ling
lu
luo
luan
lun
lü
lv
lüe
lve

# z
za
zai
zao
zan
zang
ze
zei
zen
zeng
zou
zong
zi
zu
zui
zuo
zuan
zun

# c
ca
cai
cao
can
cang
ce
cei
cen
ceng
cou
cong
ci
cu
cui
cuo
cuan
cun

# s
sa
sai
sao
san
sang
se
sen
seng
sou
song
si
su
sui
suo
suan
sun

# zh
zha
zhai
zhao
zhan
zhang
zhe
zhei
zhen
zheng
zhou
zhong
zhi
zhu
zhua
zhuai
zhui
zhuo
zhuan
zhuang
zhun

# ch
cha
chai
chao
chan
chang
che
chen
cheng
chou
chong
chi
chu
chua
chuai
chui
chuo
chuan
chuang
chun

# sh
sha
shai
shao
shan
shang
she
shei
shen
sheng
shou
shi
shu
shua
shuai
shui
shuo
shuan
shuang
shun

# r
rao
ran
rang
re
ren
reng
rou
rong
ri
ru
rua
rui
ruo
ruan
run

# j
ji
jia
jiao
jie
jiu
jian
jiang
jin
jing
jiong
ju
jue
juan
jun

# q
qi
qia
qiao
qie
qiu
qian
qiang
qin
qing
qiong
qu
que
quan
qun

# x
xi
xia
xiao
xie
xiu
xian
xiang
xin
xing
xiong
xu
xue
xuan
xun

# g
ga
gai
gao
gan
gang
ge
gei
gen
geng
gou
gong
gu
gua
guai
gui
guo
guan
guang
gun

# k
ka
kai
kao
kan
kang
ke
kei
ken
keng
kou
kong
ku
kua
kuai
kui
kuo
kuan
kuang
kun

# h
ha
hai
hao
han
hang
he
hei
hen
heng
hou
hong
hu
hua
huai
hui
huo
huan
huang
hun
